// Jest Snapshot v1, https://goo.gl/fbAQLP

exports[`PokemonPage Snapshot 1`] = `<h1>Loading</h1>`;

exports[`PokemonPage Snapshot when data is loaded 1`] = `
<div>
  <h1>Which Pokemon?</h1>
  <pokemon-picture-stub pokemonid="25" showpokemon="false"></pokemon-picture-stub>
  <pokemon-options-stub options="[object Object],[object Object],[object Object],[object Object]"></pokemon-options-stub>
  <!--v-if-->
</div>
`;
