// Jest Snapshot v1, https://goo.gl/fbAQLP

exports[`PokemonOptions Snapshot 1`] = `
<div class="options-container">
  <ul>
    <li>pikachu</li>
    <li>bulbasur</li>
    <li>charmander</li>
    <li>squirtle</li>
  </ul>
</div>
`;
